⚠️  Node.js 18 and below are deprecated and will no longer be supported in future versions of @supabase/supabase-js. Please upgrade to Node.js 20 or later. For more information, visit: https://github.com/orgs/supabase/discussions/37217
[dotenv@17.2.3] injecting env (4) from ../frontend/.env -- tip: 🛠️  run anywhere with `dotenvx run -- yourcommand`
[dotenv@17.2.3] injecting env (0) from ../frontend/.env -- tip: 🔑 add access controls to secrets: https://dotenvx.com/ops

🎯 BATCH SCRAPER - Upcoming Meets

============================================================

📋 Found 10 upcoming meets to scrape


============================================================

[1/10] Akron Haynes Lancaster Open
Date: 2025-12-12


🎯 SMART MEET SCRAPER

============================================================
📍 Meet: Akron Haynes Lancaster Open
📅 Date: 2025-12-12
🔗 URL: https://finishtiming.trackscoreboard.com/

🔍 Detecting meet status...
🔍 Detecting status for unknown meet...
   📅 Using date-based detection: meet is today → LIVE

📊 Status: LIVE
   Platform: unknown
   Events: 0/0 completed
   Confidence: low

============================================================

⚠️  No events found - must scrape events first
   → Attempting to scrape event list from meet page

   Found 0 potential events on page
   ❌ Could not discover events - platform may not be supported yet
⏭️  Skipped: unsupported_platform

⏳ Waiting 3 seconds before next meet...

============================================================

[2/10] Bulldog Early Bird
Date: 2025-12-12


🎯 SMART MEET SCRAPER

============================================================
📍 Meet: Bulldog Early Bird
📅 Date: 2025-12-12
🔗 URL: https://results.blacksquirreltiming.com/meets/59182

🔍 Detecting meet status...
🔍 Detecting status for blacksquirrel meet...
   📅 Using date-based detection: meet is today → LIVE

📊 Status: LIVE
   Platform: blacksquirrel
   Events: 0/0 completed
   Confidence: low

============================================================

⚠️  No events found - must scrape events first
   → Attempting to scrape event list from meet page

   Found 11 potential events on page
   ✅ Saved 11 events


🔴 SCRAPING MODE: Live Results
   → Will populate live_results table


============================================================
⏭️  Skipped: live_scraper_not_implemented

⏳ Waiting 3 seconds before next meet...

============================================================

[3/10] Jimmy Grant Invitational
Date: 2025-12-12


🎯 SMART MEET SCRAPER

============================================================
📍 Meet: Jimmy Grant Invitational
📅 Date: 2025-12-12
🔗 URL: https://results.wayzatatiming.com/meets/59334

🔍 Detecting meet status...
🔍 Detecting status for unknown meet...
   📅 Using date-based detection: meet is today → LIVE

📊 Status: LIVE
   Platform: unknown
   Events: 0/0 completed
   Confidence: low

============================================================

⚠️  No events found - must scrape events first
   → Attempting to scrape event list from meet page

   Found 3 potential events on page
   ✅ Saved 3 events


🔴 SCRAPING MODE: Live Results
   → Will populate live_results table


============================================================
⏭️  Skipped: live_scraper_not_implemented

⏳ Waiting 3 seconds before next meet...

============================================================

[4/10] Iowa State Holiday Invitational
Date: 2025-12-12


🎯 SMART MEET SCRAPER

============================================================
📍 Meet: Iowa State Holiday Invitational
📅 Date: 2025-12-12
🔗 URL: https://pttiming.com/event.php?mid=2649&pt=schedule

🔍 Detecting meet status...
🔍 Detecting status for unknown meet...
   📅 Using date-based detection: meet is today → LIVE

📊 Status: LIVE
   Platform: unknown
   Events: 0/0 completed
   Confidence: low

============================================================

⚠️  No events found - must scrape events first
   → Attempting to scrape event list from meet page

   Found 0 potential events on page
   ❌ Could not discover events - platform may not be supported yet
⏭️  Skipped: unsupported_platform

⏳ Waiting 3 seconds before next meet...

============================================================

[5/10] 'Twas the Meet Before Christmas
Date: 2025-12-12


🎯 SMART MEET SCRAPER

============================================================
📍 Meet: 'Twas the Meet Before Christmas
📅 Date: 2025-12-12
🔗 URL: https://live.jdlfasttrack.com/meets/57862

🔍 Detecting meet status...
🔍 Detecting status for jdl meet...

📊 Status: UPCOMING
   Platform: jdl
   Events: 0/0 completed
   Confidence: medium

============================================================

⚠️  No events found - must scrape events first
   → Attempting to scrape event list from meet page

   Found 2 potential events on page
   ✅ Saved 2 events


📋 SCRAPING MODE: Starting Lists / Entries
   → Will scrape event entries

[dotenv@17.2.3] injecting env (0) from ../frontend/.env -- tip: ⚙️  load multiple .env files with { path: ['.env.local', '.env'] }

📋 Scraping entries for meet_id: 48
  📍 Meet: 'Twas the Meet Before Christmas
  📋 Events to process: 2

  🌐 Platform: unknown
  🔗 Navigating to meet page...
  🔍 Discovering events...
  📋 Found 0 events on page

  📋 Processing: Events
    ⚠️  No matching event found on page

  📋 Processing: Events
    ⚠️  No matching event found on page

  ✅ Processed 0 events
  📊 Total entries scraped: 0

============================================================
✅ Success!

⏳ Waiting 3 seconds before next meet...

============================================================

[6/10] UNK Pre-Holiday Classic
Date: 2025-12-12


🎯 SMART MEET SCRAPER

============================================================
📍 Meet: UNK Pre-Holiday Classic
📅 Date: 2025-12-12
🔗 URL: https://results.blacksquirreltiming.com/meets/59181

🔍 Detecting meet status...
🔍 Detecting status for blacksquirrel meet...
   📅 Using date-based detection: meet is today → LIVE

📊 Status: LIVE
   Platform: blacksquirrel
   Events: 0/0 completed
   Confidence: low

============================================================

⚠️  No events found - must scrape events first
   → Attempting to scrape event list from meet page

   Found 2 potential events on page
   ✅ Saved 2 events


🔴 SCRAPING MODE: Live Results
   → Will populate live_results table


============================================================
⏭️  Skipped: live_scraper_not_implemented

⏳ Waiting 3 seconds before next meet...

============================================================

[7/10] Husker Holiday Open
Date: 2025-12-12


🎯 SMART MEET SCRAPER

============================================================
📍 Meet: Husker Holiday Open
📅 Date: 2025-12-12
🔗 URL: https://pttiming.com/event.php?mid=2648&pt=schedule

🔍 Detecting meet status...
🔍 Detecting status for unknown meet...
   📅 Using date-based detection: meet is today → LIVE

📊 Status: LIVE
   Platform: unknown
   Events: 0/0 completed
   Confidence: low

============================================================

⚠️  No events found - must scrape events first
   → Attempting to scrape event list from meet page

   Found 0 potential events on page
   ❌ Could not discover events - platform may not be supported yet
⏭️  Skipped: unsupported_platform

⏳ Waiting 3 seconds before next meet...

============================================================

[8/10] Colorado Running Company Pre-Holiday Invite & Multi
Date: 2025-12-12


🎯 SMART MEET SCRAPER

============================================================
📍 Meet: Colorado Running Company Pre-Holiday Invite & Multi
📅 Date: 2025-12-12
🔗 URL: https://live.athletic.net/meets/59396

🔍 Detecting meet status...
🔍 Detecting status for athletic_net meet...

📊 Status: UPCOMING
   Platform: athletic_net
   Events: 0/1 completed
   Confidence: medium

============================================================

⚠️  No events found - must scrape events first
   → Attempting to scrape event list from meet page

   Found 25 potential events on page
   ✅ Saved 20 events


📋 SCRAPING MODE: Starting Lists / Entries
   → Will scrape event entries


📋 Scraping entries for meet_id: 99
  📍 Meet: Colorado Running Company Pre-Holiday Invite & Multi
  📋 Events to process: 20

  🌐 Platform: athletic_net
  🔗 Navigating to meet page...
  🔍 Discovering events...
  📋 Found 0 events on page

  📋 Processing: Events
    ⚠️  No matching event found on page

  📋 Processing: Men Weight Throw  Fri  11:00 AM  EST  Start Lists
    ⚠️  No matching event found on page

  📋 Processing: Women Weight Throw  Fri  12:30 PM  EST  Start Lists
    ⚠️  No matching event found on page

  📋 Processing: Men Hept 60m  Fri  2:00 PM  EST  Start Lists
    ⚠️  No matching event found on page

  📋 Processing: Women Pent 60mH  Fri  2:30 PM  EST  Start Lists
    ⚠️  No matching event found on page

  ✅ Processed 0 events
  📊 Total entries scraped: 0

============================================================
✅ Success!

⏳ Waiting 3 seconds before next meet...

============================================================

[9/10] Seahawk Shootout
Date: 2025-12-12


🎯 SMART MEET SCRAPER

============================================================
📍 Meet: Seahawk Shootout
📅 Date: 2025-12-12
🔗 URL: https://milesplit.live/timers/959

🔍 Detecting meet status...
🔍 Detecting status for milesplit meet...
   ⚠️  Status detection failed: Navigation timeout of 60000 ms exceeded
   📅 Using date-based detection: meet is today → LIVE

📊 Status: LIVE
   Platform: unknown
   Events: 0/0 completed

============================================================

⚠️  No events found - must scrape events first
   → Attempting to scrape event list from meet page

   ❌ Error discovering events: Navigation timeout of 60000 ms exceeded
❌ Failed: event_discovery_failed

⏳ Waiting 3 seconds before next meet...

============================================================

[10/10] Trials of Miles California December Distance Night
Date: 2025-12-12


🎯 SMART MEET SCRAPER

============================================================
📍 Meet: Trials of Miles California December Distance Night
📅 Date: 2025-12-12
🔗 URL: https://finishedresults.trackscoreboard.com/meets/13909/events

🔍 Detecting meet status...
🔍 Detecting status for unknown meet...
   📅 Using date-based detection: meet is today → LIVE

📊 Status: LIVE
   Platform: unknown
   Events: 0/0 completed
   Confidence: low

============================================================

⚠️  No events found - must scrape events first
   → Attempting to scrape event list from meet page

   Found 4 potential events on page
   ✅ Saved 4 events


🔴 SCRAPING MODE: Live Results
   → Will populate live_results table


============================================================
⏭️  Skipped: live_scraper_not_implemented

============================================================

📊 FINAL SUMMARY
============================================================
Total meets processed: 10
✅ Successful: 2
❌ Failed: 1
⏭️  Skipped: 7
============================================================

🎉 Batch scraping complete!

