🏃 Complete Athletic.net Results Scraper

URL: https://results.blacksquirreltiming.com/meets/59182

🌐 Loading meet page...

🔍 Found 4 filter buttons:
   - Multis - Day 1
   - Multis - Day 2
   - Field Events
   - Running Events

📋 Clicking filter: Multis - Day 1
   Found 9 events in this filter
📋 Clicking filter: Multis - Day 2
   Found 3 events in this filter
📋 Clicking filter: Field Events
   Found 12 events in this filter
📋 Clicking filter: Running Events
   Found 30 events in this filter

📊 Total unique events found: 54

  Women Pent 60mH  Fri  3:00 PM  EST
    ✅ 12 results

  Men Hept 60m  Fri  3:15 PM  EST
    ✅ 15 results

  Women Pent High Jump  Fri  3:35 PM  EST
    ✅ 12 results

  Men Hept Long Jump  Fri  3:50 PM  EST
    ✅ 15 results

  Men Hept Shot Put  Fri  4:30 PM  EST
    ✅ 15 results

  Women Pent Shot Put  Fri  4:35 PM  EST
    ✅ 12 results

  Men Hept High Jump  Fri  5:10 PM  EST
    ✅ 14 results

  Women Pent Long Jump  Fri  5:20 PM  EST
    ✅ 12 results

  Women Pent 800m  Fri  6:05 PM  EST  1
    ✅ 12 results

  Men Hept 60mH  Sat  10:00 AM  EST
    ✅ 12 results

  Men Hept Pole Vault  Sat  10:35 AM  EST
    ✅ 12 results

  Men Hept 1000m  Sat  12:00 PM  EST  1
    ✅ 12 results

  Men Weight Throw  Sat  1:00 PM  EST
    ✅ 23 results

  Women Shot Put  Sat  1:00 PM  EST
    ✅ 12 results

  Women Long Jump  Sat  1:00 PM  EST
    ✅ 14 results

  Women Pole Vault  Sat  1:00 PM  EST
    ✅ 9 results

  Men Long Jump  Sat  3:00 PM  EST
    ✅ 14 results

  Women High Jump  Sat  5:00 PM  EST
    ✅ 6 results

  Men Shot Put  Sat  6:00 PM  EST
    ✅ 19 results

  Women Weight Throw
    ✅ 21 results

  Women Triple Jump
    ✅ 13 results

  Men Pole Vault
    ✅ 8 results

  Men Triple Jump
    ✅ 8 results

  Men High Jump
    ✅ 7 results

  Men 3000m RW
    ✅ 11 results

  Mixed 3000m RW  Sat  1:00 PM  EST
    ✅ 13 results

  Women 3000m RW
    ✅ 2 results

  Women 4x800mR  Sat  2:40 PM  EST  1
    ✅ 0 results

  Men 4x800mR  Sat  2:50 PM  EST  1
    ✅ 0 results

  Men DMR  Sat  3:15 PM  EST
    ✅ 0 results

  Women 60mH  Sat  3:30 PM  EST   Prelims 3
    ✅ 5 results

  Men 60mH  Sat  3:40 PM  EST   Prelims 3
    ✅ 11 results

  Women 60m  Sat  3:50 PM  EST   Prelims 5
    ✅ 21 results

  Men 60m  Sat  4:10 PM  EST   Prelims 7
    ✅ 20 results

  Women 600m  Sat  4:35 PM  EST  2
    ✅ 6 results

  Men 600m  Sat  4:45 PM  EST  4
    ✅ 13 results

  Women 1 Mile  Sat  5:00 PM  EST  1
    ✅ 9 results

  Men 1 Mile  Sat  5:10 PM  EST  2
    ✅ 17 results

  Women 60mH  Sat  5:25 PM  EST   Finals 1
    ✅ 2 results

  Men 60mH  Sat  5:30 PM  EST   Finals 1
    ✅ 1 results

  Women 60m  Sat  5:35 PM  EST   Finals 1
    ✅ 2 results

  Men 60m  Sat  5:40 PM  EST   Finals 1
    ✅ 4 results

  Women 800m  Sat  5:45 PM  EST  1
    ✅ 6 results

  Men 800m  Sat  5:50 PM  EST  2
    ✅ 8 results

  Women 400m  Sat  6:00 PM  EST  2
    ✅ 8 results

  Men 400m  Sat  6:15 PM  EST  4
    ✅ 12 results

  Women 1000m  Sat  6:35 AM  EST  1
    ✅ 7 results

  Men 1000m  Sat  6:40 AM  EST  1
    ✅ 7 results

  Women 200m  Sat  6:45 PM  EST  9
    ✅ 18 results

  Men 200m  Sat  7:15 PM  EST  10
    ✅ 24 results

  Women 3000m  Sat  7:50 PM  EST  1
    ✅ 15 results

  Men 3000m  Sat  8:05 PM  EST  2
    ✅ 19 results

  Women 4x400mR  Sat  8:30 PM  EST  1
    ✅ 0 results

  Men 4x400mR  Sat  8:40 PM  EST  2
    ✅ 0 results

💾 Progress saved to complete_meet_results.json


✅ COMPLETE!
📊 Scraped 54 events
📊 Total results: 570
💾 Saved to complete_meet_results.json

