🕷️  Athletic.net Web Crawler

URL: https://results.blacksquirreltiming.com/meets/59182

🌐 Loading meet page...

🔍 Found 4 schedule filters:
   - Multis - Day 1
   - Multis - Day 2
   - Field Events
   - Running Events

📋 Clicking filter: Multis - Day 1
   Found 9 events
📋 Clicking filter: Multis - Day 2
   Found 3 events
📋 Clicking filter: Field Events
   Found 12 events
📋 Clicking filter: Running Events
   Found 30 events

📊 Total unique events: 54


📍 Women Pent 60mH  Fri  3:00 PM  EST
   Tabs found: Records, Results, Entries, Start Lists
   📑 Scraping: Records
      ✅ 0 records
   📑 Scraping: Results
   📑 Scraping: Entries
   📑 Scraping: Start Lists

📍 Men Hept 60m  Fri  3:15 PM  EST
   Tabs found: Records, Results, Entries, Start Lists
   📑 Scraping: Records
      ✅ 0 records
   📑 Scraping: Results
   📑 Scraping: Entries
   📑 Scraping: Start Lists

📍 Women Pent High Jump  Fri  3:35 PM  EST
   Tabs found: Records, Results, Entries, Start Lists
   📑 Scraping: Records
      ✅ 0 records
   📑 Scraping: Results
   📑 Scraping: Entries
   📑 Scraping: Start Lists

📍 Men Hept Long Jump  Fri  3:50 PM  EST
   Tabs found: Records, Results, Entries, Start Lists
   📑 Scraping: Records
      ✅ 0 records
   📑 Scraping: Results
   📑 Scraping: Entries
   📑 Scraping: Start Lists

📍 Men Hept Shot Put  Fri  4:30 PM  EST
   Tabs found: Records, Results, Entries, Start Lists
   📑 Scraping: Records
      ✅ 0 records
   📑 Scraping: Results
   📑 Scraping: Entries
   📑 Scraping: Start Lists

📍 Women Pent Shot Put  Fri  4:35 PM  EST
   Tabs found: Records, Results, Entries, Start Lists
   📑 Scraping: Records
      ✅ 0 records
   📑 Scraping: Results
   📑 Scraping: Entries
   📑 Scraping: Start Lists

📍 Men Hept High Jump  Fri  5:10 PM  EST
   Tabs found: Records, Results, Entries, Start Lists
   📑 Scraping: Records
      ✅ 0 records
   📑 Scraping: Results
   📑 Scraping: Entries
   📑 Scraping: Start Lists

📍 Women Pent Long Jump  Fri  5:20 PM  EST
   Tabs found: Records, Results, Entries, Start Lists
   📑 Scraping: Records
      ✅ 0 records
   📑 Scraping: Results
   📑 Scraping: Entries
   📑 Scraping: Start Lists

📍 Women Pent 800m  Fri  6:05 PM  EST  1
   Tabs found: Records, Results, Splits, Entries, Start Lists
   📑 Scraping: Records
      ✅ 0 records
   📑 Scraping: Results
   📑 Scraping: Splits
   📑 Scraping: Entries
   📑 Scraping: Start Lists

📍 Men Hept 60mH  Sat  10:00 AM  EST
   Tabs found: Records, Results, Entries, Start Lists
   📑 Scraping: Records
      ✅ 0 records
   📑 Scraping: Results
   📑 Scraping: Entries
   📑 Scraping: Start Lists
   💾 Progress saved (10 events)

📍 Men Hept Pole Vault  Sat  10:35 AM  EST
   Tabs found: Records, Results, Entries, Start Lists
   📑 Scraping: Records
      ✅ 0 records
   📑 Scraping: Results
   📑 Scraping: Entries
   📑 Scraping: Start Lists

📍 Men Hept 1000m  Sat  12:00 PM  EST  1
   Tabs found: Records, Results, Splits, Entries, Start Lists
   📑 Scraping: Records
      ✅ 0 records
   📑 Scraping: Results
   📑 Scraping: Splits
   📑 Scraping: Entries
   📑 Scraping: Start Lists

📍 Men Weight Throw  Sat  1:00 PM  EST
   Tabs found: Records, Results, Entries, Start Lists
   📑 Scraping: Records
      ✅ 0 records
   📑 Scraping: Results
   📑 Scraping: Entries
   📑 Scraping: Start Lists

📍 Women Shot Put  Sat  1:00 PM  EST
   Tabs found: Records, Results, Entries, Start Lists
   📑 Scraping: Records
      ✅ 0 records
   📑 Scraping: Results
   📑 Scraping: Entries
   📑 Scraping: Start Lists

📍 Women Long Jump  Sat  1:00 PM  EST
   Tabs found: Records, Results, Entries, Start Lists
   📑 Scraping: Records
      ✅ 0 records
   📑 Scraping: Results
   📑 Scraping: Entries
   📑 Scraping: Start Lists

📍 Women Pole Vault  Sat  1:00 PM  EST
   Tabs found: Records, Results, Entries, Start Lists
   📑 Scraping: Records
      ✅ 0 records
   📑 Scraping: Results
   📑 Scraping: Entries
   📑 Scraping: Start Lists

📍 Men Long Jump  Sat  3:00 PM  EST
   Tabs found: Records, Results, Entries, Start Lists
   📑 Scraping: Records
      ✅ 0 records
   📑 Scraping: Results
   📑 Scraping: Entries
   📑 Scraping: Start Lists

📍 Women High Jump  Sat  5:00 PM  EST
   Tabs found: Records, Results, Entries, Start Lists
   📑 Scraping: Records
      ✅ 0 records
   📑 Scraping: Results
   📑 Scraping: Entries
   📑 Scraping: Start Lists

📍 Men Shot Put  Sat  6:00 PM  EST
   Tabs found: Records, Results, Entries, Start Lists
   📑 Scraping: Records
      ✅ 0 records
   📑 Scraping: Results
   📑 Scraping: Entries
   📑 Scraping: Start Lists

📍 Women Weight Throw
   Tabs found: Records, Results, Entries, Start Lists
   📑 Scraping: Records
      ✅ 0 records
   📑 Scraping: Results
   📑 Scraping: Entries
   📑 Scraping: Start Lists
   💾 Progress saved (20 events)

📍 Women Triple Jump
   Tabs found: Records, Results, Entries, Start Lists
   📑 Scraping: Records
      ✅ 0 records
   📑 Scraping: Results
   📑 Scraping: Entries
   📑 Scraping: Start Lists

📍 Men Pole Vault
   Tabs found: Records, Results, Entries, Start Lists
   📑 Scraping: Records
      ✅ 0 records
   📑 Scraping: Results
   📑 Scraping: Entries
   📑 Scraping: Start Lists

📍 Men Triple Jump
   Tabs found: Records, Results, Entries, Start Lists
   📑 Scraping: Records
      ✅ 0 records
   📑 Scraping: Results
   📑 Scraping: Entries
   📑 Scraping: Start Lists

📍 Men High Jump
   Tabs found: Records, Results, Entries, Start Lists
   📑 Scraping: Records
      ✅ 0 records
   📑 Scraping: Results
   📑 Scraping: Entries
   📑 Scraping: Start Lists

📍 Men 3000m RW
   Tabs found: Records, Results, Splits, Entries, Start Lists
   📑 Scraping: Records
      ✅ 0 records
   📑 Scraping: Results
   📑 Scraping: Splits
   📑 Scraping: Entries
   📑 Scraping: Start Lists

📍 Mixed 3000m RW  Sat  1:00 PM  EST
   Tabs found: Records, Results, Splits, Entries, Start Lists
   📑 Scraping: Records
      ✅ 0 records
   📑 Scraping: Results
   📑 Scraping: Splits
   📑 Scraping: Entries
   📑 Scraping: Start Lists

📍 Women 3000m RW
   Tabs found: Records, Results, Splits, Entries, Start Lists
   📑 Scraping: Records
      ✅ 0 records
   📑 Scraping: Results
   📑 Scraping: Splits
   📑 Scraping: Entries
   📑 Scraping: Start Lists

📍 Women 4x800mR  Sat  2:40 PM  EST  1
   Tabs found: Records, Results, Splits, Entries, Start Lists
   📑 Scraping: Records
      ✅ 0 records
   📑 Scraping: Results
   📑 Scraping: Splits
   📑 Scraping: Entries
   📑 Scraping: Start Lists

📍 Men 4x800mR  Sat  2:50 PM  EST  1
   Tabs found: Records, Results, Splits, Entries, Start Lists
   📑 Scraping: Records
      ✅ 0 records
   📑 Scraping: Results
   📑 Scraping: Splits
   📑 Scraping: Entries
   📑 Scraping: Start Lists

📍 Men DMR  Sat  3:15 PM  EST
   Tabs found: Records, Results, Splits, Entries, Start Lists
   📑 Scraping: Records
      ✅ 0 records
   📑 Scraping: Results
   📑 Scraping: Splits
   📑 Scraping: Entries
   📑 Scraping: Start Lists
   💾 Progress saved (30 events)

📍 Women 60mH  Sat  3:30 PM  EST   Prelims 3
   Tabs found: Records, Results, Entries, Start Lists
   📑 Scraping: Records
      ✅ 0 records
   📑 Scraping: Results
   📑 Scraping: Entries
   📑 Scraping: Start Lists

📍 Men 60mH  Sat  3:40 PM  EST   Prelims 3
   Tabs found: Records, Results, Entries, Start Lists
   📑 Scraping: Records
      ✅ 0 records
   📑 Scraping: Results
   📑 Scraping: Entries
   📑 Scraping: Start Lists

📍 Women 60m  Sat  3:50 PM  EST   Prelims 5
   ❌ Event error: Attempted to use detached Frame '911BBC341062E6EAE6E319F0571E151E'.

📍 Men 60m  Sat  4:10 PM  EST   Prelims 7
   ❌ Event error: Attempted to use detached Frame '911BBC341062E6EAE6E319F0571E151E'.

📍 Women 600m  Sat  4:35 PM  EST  2
   ❌ Event error: Attempted to use detached Frame '911BBC341062E6EAE6E319F0571E151E'.

📍 Men 600m  Sat  4:45 PM  EST  4
   ❌ Event error: Attempted to use detached Frame '911BBC341062E6EAE6E319F0571E151E'.

📍 Women 1 Mile  Sat  5:00 PM  EST  1
   ❌ Event error: Attempted to use detached Frame '911BBC341062E6EAE6E319F0571E151E'.

📍 Men 1 Mile  Sat  5:10 PM  EST  2
   ❌ Event error: Attempted to use detached Frame '911BBC341062E6EAE6E319F0571E151E'.

📍 Women 60mH  Sat  5:25 PM  EST   Finals 1
   ❌ Event error: Attempted to use detached Frame '911BBC341062E6EAE6E319F0571E151E'.

📍 Men 60mH  Sat  5:30 PM  EST   Finals 1
   ❌ Event error: Attempted to use detached Frame '911BBC341062E6EAE6E319F0571E151E'.
   💾 Progress saved (40 events)

📍 Women 60m  Sat  5:35 PM  EST   Finals 1
   ❌ Event error: Attempted to use detached Frame '911BBC341062E6EAE6E319F0571E151E'.

📍 Men 60m  Sat  5:40 PM  EST   Finals 1
   ❌ Event error: Attempted to use detached Frame '911BBC341062E6EAE6E319F0571E151E'.

📍 Women 800m  Sat  5:45 PM  EST  1
   ❌ Event error: Attempted to use detached Frame '911BBC341062E6EAE6E319F0571E151E'.

📍 Men 800m  Sat  5:50 PM  EST  2
   ❌ Event error: Attempted to use detached Frame '911BBC341062E6EAE6E319F0571E151E'.

📍 Women 400m  Sat  6:00 PM  EST  2
   ❌ Event error: Attempted to use detached Frame '911BBC341062E6EAE6E319F0571E151E'.

📍 Men 400m  Sat  6:15 PM  EST  4
   ❌ Event error: Attempted to use detached Frame '911BBC341062E6EAE6E319F0571E151E'.

📍 Women 1000m  Sat  6:35 AM  EST  1
   ❌ Event error: Attempted to use detached Frame '911BBC341062E6EAE6E319F0571E151E'.

📍 Men 1000m  Sat  6:40 AM  EST  1
   ❌ Event error: Attempted to use detached Frame '911BBC341062E6EAE6E319F0571E151E'.

📍 Women 200m  Sat  6:45 PM  EST  9
   ❌ Event error: Attempted to use detached Frame '911BBC341062E6EAE6E319F0571E151E'.

📍 Men 200m  Sat  7:15 PM  EST  10
   ❌ Event error: Attempted to use detached Frame '911BBC341062E6EAE6E319F0571E151E'.
   💾 Progress saved (50 events)

📍 Women 3000m  Sat  7:50 PM  EST  1
   ❌ Event error: Attempted to use detached Frame '911BBC341062E6EAE6E319F0571E151E'.

📍 Men 3000m  Sat  8:05 PM  EST  2
   ❌ Event error: Attempted to use detached Frame '911BBC341062E6EAE6E319F0571E151E'.

📍 Women 4x400mR  Sat  8:30 PM  EST  1
   ❌ Event error: Attempted to use detached Frame '911BBC341062E6EAE6E319F0571E151E'.

📍 Men 4x400mR  Sat  8:40 PM  EST  2
   ❌ Event error: Attempted to use detached Frame '911BBC341062E6EAE6E319F0571E151E'.


✅ CRAWLING COMPLETE!
📊 Events crawled: 54
📊 Total results: 0
📊 Total entries: 0
📊 Total splits: 0
💾 Saved to crawled_meet_data.json

