🕷️  Athletic.net Web Crawler v2

URL: https://results.blacksquirreltiming.com/meets/59182

🌐 Loading meet page...

🔍 Found 4 schedule filters:
   - Multis - Day 1
   - Multis - Day 2
   - Field Events
   - Running Events

📋 Clicking filter: Multis - Day 1
   Found 9 events
📋 Clicking filter: Multis - Day 2
   Found 3 events
📋 Clicking filter: Field Events
   Found 12 events
📋 Clicking filter: Running Events
   Found 30 events

📊 Total unique events: 54


📍 [1/54] Women Pent 60mH  Fri  3:00 PM  EST
   Tabs found: Records, Results, Entries, Start Lists
   📑 Scraping: Records
      ✅ 0 records
   📑 Scraping: Results
   📑 Scraping: Entries
   📑 Scraping: Start Lists

📍 [2/54] Men Hept 60m  Fri  3:15 PM  EST
   Tabs found: Records, Results, Entries, Start Lists
   📑 Scraping: Records
      ✅ 0 records
   📑 Scraping: Results
   📑 Scraping: Entries
   📑 Scraping: Start Lists

📍 [3/54] Women Pent High Jump  Fri  3:35 PM  EST
   Tabs found: Records, Results, Entries, Start Lists
   📑 Scraping: Records
      ✅ 0 records
   📑 Scraping: Results
   📑 Scraping: Entries
   📑 Scraping: Start Lists

📍 [4/54] Men Hept Long Jump  Fri  3:50 PM  EST
   Tabs found: Records, Results, Entries, Start Lists
   📑 Scraping: Records
      ✅ 0 records
   📑 Scraping: Results
   📑 Scraping: Entries
   📑 Scraping: Start Lists

📍 [5/54] Men Hept Shot Put  Fri  4:30 PM  EST
   Tabs found: Records, Results, Entries, Start Lists
   📑 Scraping: Records
      ✅ 0 records
   📑 Scraping: Results
   📑 Scraping: Entries
   📑 Scraping: Start Lists

📍 [6/54] Women Pent Shot Put  Fri  4:35 PM  EST
   Tabs found: Records, Results, Entries, Start Lists
   📑 Scraping: Records
      ✅ 0 records
   📑 Scraping: Results
   📑 Scraping: Entries
   📑 Scraping: Start Lists

📍 [7/54] Men Hept High Jump  Fri  5:10 PM  EST
   Tabs found: Records, Results, Entries, Start Lists
   📑 Scraping: Records
      ✅ 0 records
   📑 Scraping: Results
   📑 Scraping: Entries
   📑 Scraping: Start Lists

📍 [8/54] Women Pent Long Jump  Fri  5:20 PM  EST
   Tabs found: Records, Results, Entries, Start Lists
   📑 Scraping: Records
      ✅ 0 records
   📑 Scraping: Results
   📑 Scraping: Entries
   📑 Scraping: Start Lists

📍 [9/54] Women Pent 800m  Fri  6:05 PM  EST  1
   Tabs found: Records, Results, Splits, Entries, Start Lists
   📑 Scraping: Records
      ✅ 0 records
   📑 Scraping: Results
   📑 Scraping: Splits
   📑 Scraping: Entries
   📑 Scraping: Start Lists

📍 [10/54] Men Hept 60mH  Sat  10:00 AM  EST
   Tabs found: Records, Results, Entries, Start Lists
   📑 Scraping: Records
      ✅ 0 records
   📑 Scraping: Results
   📑 Scraping: Entries
   📑 Scraping: Start Lists
   💾 Progress saved (10 events)

📍 [11/54] Men Hept Pole Vault  Sat  10:35 AM  EST
   Tabs found: Records, Results, Entries, Start Lists
   📑 Scraping: Records
      ✅ 0 records
   📑 Scraping: Results
   📑 Scraping: Entries
   📑 Scraping: Start Lists

📍 [12/54] Men Hept 1000m  Sat  12:00 PM  EST  1
   Tabs found: Records, Results, Splits, Entries, Start Lists
   📑 Scraping: Records
      ✅ 0 records
   📑 Scraping: Results
   📑 Scraping: Splits
   📑 Scraping: Entries
   📑 Scraping: Start Lists

📍 [13/54] Men Weight Throw  Sat  1:00 PM  EST
   Tabs found: Records, Results, Entries, Start Lists
   📑 Scraping: Records
      ✅ 0 records
   📑 Scraping: Results
   📑 Scraping: Entries
   📑 Scraping: Start Lists

📍 [14/54] Women Shot Put  Sat  1:00 PM  EST
   Tabs found: Records, Results, Entries, Start Lists
   📑 Scraping: Records
      ✅ 0 records
   📑 Scraping: Results
   📑 Scraping: Entries
   📑 Scraping: Start Lists

📍 [15/54] Women Long Jump  Sat  1:00 PM  EST
   Tabs found: Records, Results, Entries, Start Lists
   📑 Scraping: Records
      ✅ 0 records
   📑 Scraping: Results
   📑 Scraping: Entries
   📑 Scraping: Start Lists

📍 [16/54] Women Pole Vault  Sat  1:00 PM  EST
   Tabs found: Records, Results, Entries, Start Lists
   📑 Scraping: Records
      ✅ 0 records
   📑 Scraping: Results
   📑 Scraping: Entries
   📑 Scraping: Start Lists

📍 [17/54] Men Long Jump  Sat  3:00 PM  EST
   Tabs found: Records, Results, Entries, Start Lists
   📑 Scraping: Records
      ✅ 0 records
   📑 Scraping: Results
   📑 Scraping: Entries
   📑 Scraping: Start Lists

📍 [18/54] Women High Jump  Sat  5:00 PM  EST
   Tabs found: Records, Results, Entries, Start Lists
   📑 Scraping: Records
      ✅ 0 records
   📑 Scraping: Results
   📑 Scraping: Entries
   📑 Scraping: Start Lists

📍 [19/54] Men Shot Put  Sat  6:00 PM  EST
