🕷️  Athletic.net Web Crawler - FINAL VERSION

URL: https://results.blacksquirreltiming.com/meets/59182

🌐 Loading meet page...

🔍 Found 4 schedule filters:
   - Multis - Day 1
   - Multis - Day 2
   - Field Events
   - Running Events

📋 Clicking filter: Multis - Day 1
   Found 9 events
📋 Clicking filter: Multis - Day 2
   Found 3 events
📋 Clicking filter: Field Events
   Found 12 events
📋 Clicking filter: Running Events
   Found 30 events

📊 Total unique events: 54


📍 [1/54] Women Pent 60mH  Fri  3:00 PM  EST
   Tabs found: Records, Results, Entries, Start Lists
   📑 Scraping: Records
      ✅ 0 records
   📑 Scraping: Results
   📑 Scraping: Entries
   📑 Scraping: Start Lists

📍 [2/54] Men Hept 60m  Fri  3:15 PM  EST
   Tabs found: Records, Results, Entries, Start Lists
   📑 Scraping: Records
      ✅ 0 records
   📑 Scraping: Results
   📑 Scraping: Entries
   📑 Scraping: Start Lists

📍 [3/54] Women Pent High Jump  Fri  3:35 PM  EST
   Tabs found: Records, Results, Entries, Start Lists
   📑 Scraping: Records
      ✅ 0 records
   📑 Scraping: Results
   📑 Scraping: Entries
   📑 Scraping: Start Lists

📍 [4/54] Men Hept Long Jump  Fri  3:50 PM  EST
   Tabs found: Records, Results, Entries, Start Lists
   📑 Scraping: Records
      ✅ 0 records
   📑 Scraping: Results
   📑 Scraping: Entries
   📑 Scraping: Start Lists

📍 [5/54] Men Hept Shot Put  Fri  4:30 PM  EST
   Tabs found: Records, Results, Entries, Start Lists
   📑 Scraping: Records
      ✅ 0 records
   📑 Scraping: Results
   📑 Scraping: Entries
   📑 Scraping: Start Lists

📍 [6/54] Women Pent Shot Put  Fri  4:35 PM  EST
   Tabs found: Records, Results, Entries, Start Lists
   📑 Scraping: Records
      ✅ 0 records
   📑 Scraping: Results
   📑 Scraping: Entries
   📑 Scraping: Start Lists

📍 [7/54] Men Hept High Jump  Fri  5:10 PM  EST
   Tabs found: Records, Results, Entries, Start Lists
   📑 Scraping: Records
      ✅ 0 records
   📑 Scraping: Results
   📑 Scraping: Entries
   📑 Scraping: Start Lists

📍 [8/54] Women Pent Long Jump  Fri  5:20 PM  EST
   Tabs found: Records, Results, Entries, Start Lists
   📑 Scraping: Records
      ✅ 0 records
   📑 Scraping: Results
   📑 Scraping: Entries
   📑 Scraping: Start Lists

📍 [9/54] Women Pent 800m  Fri  6:05 PM  EST  1
   Tabs found: Records, Results, Splits, Entries, Start Lists
   📑 Scraping: Records
      ✅ 0 records
   📑 Scraping: Results
   📑 Scraping: Splits
   📑 Scraping: Entries
   📑 Scraping: Start Lists

📍 [10/54] Men Hept 60mH  Sat  10:00 AM  EST
   Tabs found: Records, Results, Entries, Start Lists
   📑 Scraping: Records
      ✅ 0 records
   📑 Scraping: Results
   📑 Scraping: Entries
   📑 Scraping: Start Lists
   💾 Progress saved (10 events)

📍 [11/54] Men Hept Pole Vault  Sat  10:35 AM  EST
   Tabs found: Records, Results, Entries, Start Lists
   📑 Scraping: Records
      ✅ 0 records
   📑 Scraping: Results
   📑 Scraping: Entries
   📑 Scraping: Start Lists

📍 [12/54] Men Hept 1000m  Sat  12:00 PM  EST  1
   Tabs found: Records, Results, Splits, Entries, Start Lists
   📑 Scraping: Records
      ✅ 0 records
   📑 Scraping: Results
   📑 Scraping: Splits
   📑 Scraping: Entries
   📑 Scraping: Start Lists

📍 [13/54] Men Weight Throw  Sat  1:00 PM  EST
   Tabs found: Records, Results, Entries, Start Lists
   📑 Scraping: Records
      ✅ 0 records
   📑 Scraping: Results
   📑 Scraping: Entries
   📑 Scraping: Start Lists

📍 [14/54] Women Shot Put  Sat  1:00 PM  EST
   Tabs found: Records, Results, Entries, Start Lists
   📑 Scraping: Records
      ✅ 0 records
   📑 Scraping: Results
   📑 Scraping: Entries
   📑 Scraping: Start Lists

📍 [15/54] Women Long Jump  Sat  1:00 PM  EST
   Tabs found: Records, Results, Entries, Start Lists
   📑 Scraping: Records
      ✅ 0 records
   📑 Scraping: Results
   📑 Scraping: Entries
   📑 Scraping: Start Lists

📍 [16/54] Women Pole Vault  Sat  1:00 PM  EST
   ❌ Event error: Navigating frame was detached

📍 [17/54] Men Long Jump  Sat  3:00 PM  EST
   ❌ Event error: Connection closed.

📍 [18/54] Women High Jump  Sat  5:00 PM  EST
   ❌ Event error: Connection closed.

📍 [19/54] Men Shot Put  Sat  6:00 PM  EST
   ❌ Event error: Connection closed.

📍 [20/54] Women Weight Throw
   ❌ Event error: Connection closed.
   💾 Progress saved (20 events)

📍 [21/54] Women Triple Jump
   ❌ Event error: Connection closed.

📍 [22/54] Men Pole Vault
   ❌ Event error: Connection closed.

📍 [23/54] Men Triple Jump
   ❌ Event error: Connection closed.

📍 [24/54] Men High Jump
   ❌ Event error: Connection closed.

📍 [25/54] Men 3000m RW
   ❌ Event error: Connection closed.

📍 [26/54] Mixed 3000m RW  Sat  1:00 PM  EST
   ❌ Event error: Connection closed.

📍 [27/54] Women 3000m RW
   ❌ Event error: Connection closed.

📍 [28/54] Women 4x800mR  Sat  2:40 PM  EST  1
   ❌ Event error: Connection closed.

📍 [29/54] Men 4x800mR  Sat  2:50 PM  EST  1
   ❌ Event error: Connection closed.

📍 [30/54] Men DMR  Sat  3:15 PM  EST
   ❌ Event error: Connection closed.
   💾 Progress saved (30 events)

📍 [31/54] Women 60mH  Sat  3:30 PM  EST   Prelims 3
   ❌ Event error: Connection closed.

📍 [32/54] Men 60mH  Sat  3:40 PM  EST   Prelims 3
   ❌ Event error: Connection closed.

📍 [33/54] Women 60m  Sat  3:50 PM  EST   Prelims 5
   ❌ Event error: Connection closed.

📍 [34/54] Men 60m  Sat  4:10 PM  EST   Prelims 7
   ❌ Event error: Connection closed.

📍 [35/54] Women 600m  Sat  4:35 PM  EST  2
   ❌ Event error: Connection closed.

📍 [36/54] Men 600m  Sat  4:45 PM  EST  4
   ❌ Event error: Connection closed.

📍 [37/54] Women 1 Mile  Sat  5:00 PM  EST  1
   ❌ Event error: Connection closed.

📍 [38/54] Men 1 Mile  Sat  5:10 PM  EST  2
   ❌ Event error: Connection closed.

📍 [39/54] Women 60mH  Sat  5:25 PM  EST   Finals 1
   ❌ Event error: Connection closed.

📍 [40/54] Men 60mH  Sat  5:30 PM  EST   Finals 1
   ❌ Event error: Connection closed.
   💾 Progress saved (40 events)

📍 [41/54] Women 60m  Sat  5:35 PM  EST   Finals 1
   ❌ Event error: Connection closed.

📍 [42/54] Men 60m  Sat  5:40 PM  EST   Finals 1
   ❌ Event error: Connection closed.

📍 [43/54] Women 800m  Sat  5:45 PM  EST  1
   ❌ Event error: Connection closed.

📍 [44/54] Men 800m  Sat  5:50 PM  EST  2
   ❌ Event error: Connection closed.

📍 [45/54] Women 400m  Sat  6:00 PM  EST  2
   ❌ Event error: Connection closed.

📍 [46/54] Men 400m  Sat  6:15 PM  EST  4
   ❌ Event error: Connection closed.

📍 [47/54] Women 1000m  Sat  6:35 AM  EST  1
   ❌ Event error: Connection closed.

📍 [48/54] Men 1000m  Sat  6:40 AM  EST  1
   ❌ Event error: Connection closed.

📍 [49/54] Women 200m  Sat  6:45 PM  EST  9
   ❌ Event error: Connection closed.

📍 [50/54] Men 200m  Sat  7:15 PM  EST  10
   ❌ Event error: Connection closed.
   💾 Progress saved (50 events)

📍 [51/54] Women 3000m  Sat  7:50 PM  EST  1
   ❌ Event error: Connection closed.

📍 [52/54] Men 3000m  Sat  8:05 PM  EST  2
   ❌ Event error: Connection closed.

📍 [53/54] Women 4x400mR  Sat  8:30 PM  EST  1
   ❌ Event error: Connection closed.

📍 [54/54] Men 4x400mR  Sat  8:40 PM  EST  2
   ❌ Event error: Connection closed.


✅ CRAWLING COMPLETE!
📊 Events crawled: 54
📊 Total results: 0
📊 Total entries: 0
📊 Total splits: 0
📊 Total start lists: 0
📊 Total records: 0
💾 Saved to crawled_meet_data_final.json

